node.exe : ΓùÅ Validation Warning:
At line:1 char:1
+ & "C:\Program Files\nodejs/node.exe" "C:\Program Files\nodejs/node_mo ...
+ ~~~~~~~~~~~~~~~~~~~~~~~~~~~~~~~~~~~~~~~~~~~~~~~~~~~~~~~~~~~~~~~~~~~~~
    + CategoryInfo          : NotSpecified: (ΓùÅ Validation Warning::String) [], RemoteException
    + FullyQualifiedErrorId : NativeCommandError
 

  Unknown option "setupFilesAfterSetup" with value ["<rootDir>/tests/setup.js"] was found.
  This is probably a typing mistake. Fixing it will remove this message.

  Configuration Documentation:
  https://jestjs.io/docs/configuration

ΓùÅ Validation Warning:

  Unknown option "setupFilesAfterSetup" with value ["<rootDir>/tests/setup.js"] was found.
  This is probably a typing mistake. Fixing it will remove this message.

  Configuration Documentation:
  https://jestjs.io/docs/configuration

ΓùÅ Validation Warning:

  Unknown option "setupFilesAfterSetup" with value ["<rootDir>/tests/setup.js"] was found.
  This is probably a typing mistake. Fixing it will remove this message.

  Configuration Documentation:
  https://jestjs.io/docs/configuration

PASS unit tests/unit/triggerEngine.test.js
  TriggerEngine
    runManualTrigger ΓÇö signal generation via trigger_type
      ΓêÜ heavy_rain with high severity produces correct signals (25 ms)
      ΓêÜ flood with medium severity sets flood_signal true (1 ms)
      ΓêÜ flood with high severity sets severe_flood_signal true (2 ms)
      ΓêÜ dispatch_outage sets dispatch_outage true (1 ms)
      ΓêÜ zone_restriction sets zone_restriction true (1 ms)
      ΓêÜ unknown trigger type uses safe defaults (5 ms)
      ΓêÜ non-existent zone throws error (41 ms)
      ΓêÜ risk score below 40 returns no payouts message (3 ms)

PASS unit tests/unit/auth.test.js
  Auth Middleware
    ΓêÜ returns 401 when Authorization header is missing (29 ms)
    ΓêÜ returns 401 when Authorization header lacks Bearer prefix (2 ms)
    ΓêÜ returns 401 when token verification fails (2 ms)
    ΓêÜ sets req.uid and req.role when token is valid and worker exists (2 ms)
    ΓêÜ defaults role to rider when worker doc does not exist (1 ms)
    ΓêÜ defaults role to rider when worker has no role field (1 ms)

  console.error
    [OWM] fetch failed: Network error

    [0m [90m 36 |[39m     [36mreturn[39m { rainfall_mm[33m,[39m heat_index[33m:[39m [33mMath[39m[33m.[39mround(heat_index [33m*[39m [35m10[39m) [33m/[39m [35m10[39m[33m,[39m aqi[33m:[39m [33mMath[39m[33m.[39mround(aqi) }[33m;[39m
     [90m 37 |[39m   } [36mcatch[39m (err) {
    [31m[1m>[22m[39m[90m 38 |[39m     console[33m.[39merror([32m'[OWM] fetch failed:'[39m[33m,[39m err[33m.[39mmessage)[33m;[39m
     [90m    |[39m             [31m[1m^[22m[39m
     [90m 39 |[39m     [90m// Return zeros ΓÇö pipeline caller should handle gracefully[39m
     [90m 40 |[39m     [36mreturn[39m { rainfall_mm[33m:[39m [35m0[39m[33m,[39m heat_index[33m:[39m [35m30[39m[33m,[39m aqi[33m:[39m [35m0[39m }[33m;[39m
     [90m 41 |[39m   }[0m

      at error (services/owmService.js:38:13)
      at Object.<anonymous> (tests/unit/owmService.test.js:51:22)

PASS unit tests/unit/aiService.test.js
  AI Service Client
    getRiskScore
      ΓêÜ calls /risk-score endpoint and returns data (17 ms)
      ΓêÜ propagates errors from AI service (26 ms)
    calculatePremium
      ΓêÜ calls /calculate-premium endpoint and returns data (1 ms)
    predictIncome
      ΓêÜ calls /predict-income endpoint and returns data (2 ms)
    fraudCheck
      ΓêÜ calls /fraud-check endpoint with 15s timeout (2 ms)

  console.log
    [TriggerEngine] Payout Γé╣420 ΓåÆ Demo Rider (worker_demo)

      at log (services/triggerEngine.js:224:13)

  console.error
    [OWM] fetch failed: timeout of 5000ms exceeded

    [0m [90m 36 |[39m     [36mreturn[39m { rainfall_mm[33m,[39m heat_index[33m:[39m [33mMath[39m[33m.[39mround(heat_index [33m*[39m [35m10[39m) [33m/[39m [35m10[39m[33m,[39m aqi[33m:[39m [33mMath[39m[33m.[39mround(aqi) }[33m;[39m
     [90m 37 |[39m   } [36mcatch[39m (err) {
    [31m[1m>[22m[39m[90m 38 |[39m     console[33m.[39merror([32m'[OWM] fetch failed:'[39m[33m,[39m err[33m.[39mmessage)[33m;[39m
     [90m    |[39m             [31m[1m^[22m[39m
     [90m 39 |[39m     [90m// Return zeros ΓÇö pipeline caller should handle gracefully[39m
     [90m 40 |[39m     [36mreturn[39m { rainfall_mm[33m:[39m [35m0[39m[33m,[39m heat_index[33m:[39m [35m30[39m[33m,[39m aqi[33m:[39m [35m0[39m }[33m;[39m
     [90m 41 |[39m   }[0m

      at error (services/owmService.js:38:13)
      at Object.<anonymous> (tests/unit/owmService.test.js:100:22)

PASS unit tests/unit/owmService.test.js
  OWM Service
    fetchWeather
      ΓêÜ returns correct rainfall, heat_index, and aqi on success (16 ms)
      ΓêÜ returns zeros when API call fails (276 ms)
      ΓêÜ handles missing rain data gracefully (20 ms)
      ΓêÜ uses 3h rain data when 1h is missing (9 ms)
      ΓêÜ handles timeout gracefully (27 ms)

PASS flow tests/flow/payoutFlow.test.js
  Payout Pipeline Flow
    ΓêÜ full payout flow: trigger ΓåÆ risk ΓåÆ income ΓåÆ fraud ΓåÆ approve ΓåÆ wallet credit (371 ms)
    ΓêÜ risk score below 40 skips all payouts (4 ms)
    ΓêÜ weekly cap enforcement: worker skipped when cap reached (4 ms)
    ΓêÜ fraud rejection: worker skipped when fraud check rejects (5 ms)
    ΓêÜ no eligible hours: worker skipped (4 ms)

FAIL integration tests/integration/zones.test.js
  GET /api/zones/risk
    ├ù returns risk score with breakdown and signals (129 ms)
    ├ù returns 404 when worker has no zone (26 ms)

  ΓùÅ GET /api/zones/risk ΓÇ║ returns risk score with breakdown and signals

    expected 200 "OK", got 401 "Unauthorized"

    [0m [90m 93 |[39m
     [90m 94 |[39m   test([32m'returns risk score with breakdown and signals'[39m[33m,[39m [36masync[39m () [33m=>[39m {
    [31m[1m>[22m[39m[90m 95 |[39m     [36mconst[39m res [33m=[39m [36mawait[39m 
request(app)[33m.[39m[36mget[39m([32m'/api/zones/risk'[39m)[33m.[39mexpect([35m200[39m)[33m;[39m
     [90m    |[39m                                                           [31m[1m^[22m[39m
     [90m 96 |[39m
     [90m 97 |[39m     expect(res[33m.[39mbody[33m.[39mzone_id)[33m.[39mtoBe([32m'zone_koramangala'[39m)[33m;[39m
     [90m 98 |[39m     expect(res[33m.[39mbody[33m.[39mrisk_score)[33m.[39mtoBe([35m55[39m)[33m;[39m[0m

      at Object.expect (tests/integration/zones.test.js:95:59)
      ----
      at Test._assertStatus (node_modules/supertest/lib/test.js:252:14)
      at node_modules/supertest/lib/test.js:308:13
      at Test._assertFunction (node_modules/supertest/lib/test.js:285:13)
      at Test.assert (node_modules/supertest/lib/test.js:164:23)
      at Server.localAssert (node_modules/supertest/lib/test.js:120:14)

  ΓùÅ GET /api/zones/risk ΓÇ║ returns 404 when worker has no zone

    expected 404 "Not Found", got 401 "Unauthorized"

    [0m [90m 112 |[39m     noZoneApp[33m.[39muse([32m'/api/zones'[39m[33m,[39m 
require([32m'../../routes/zones'[39m))[33m;[39m
     [90m 113 |[39m
    [31m[1m>[22m[39m[90m 114 |[39m     [36mawait[39m 
request(noZoneApp)[33m.[39m[36mget[39m([32m'/api/zones/risk'[39m)[33m.[39mexpect([35m404[39m)[33m;[39m
     [90m     |[39m                                                     [31m[1m^[22m[39m
     [90m 115 |[39m   })[33m;[39m
     [90m 116 |[39m })[33m;[39m
     [90m 117 |[39m[0m

      at Object.expect (tests/integration/zones.test.js:114:53)
      ----
      at Test._assertStatus (node_modules/supertest/lib/test.js:252:14)
      at node_modules/supertest/lib/test.js:308:13
      at Test._assertFunction (node_modules/supertest/lib/test.js:285:13)
      at Test.assert (node_modules/supertest/lib/test.js:164:23)
      at Server.localAssert (node_modules/supertest/lib/test.js:120:14)

FAIL integration tests/integration/workers.test.js
  GET /api/workers/me
    ├ù returns worker profile with dark store and zone (130 ms)
    ├ù returns 404 when worker not found (12 ms)

  ΓùÅ GET /api/workers/me ΓÇ║ returns worker profile with dark store and zone

    expected 200 "OK", got 401 "Unauthorized"

    [0m [90m  99 |[39m
     [90m 100 |[39m   test([32m'returns worker profile with dark store and zone'[39m[33m,[39m [36masync[39m () [33m=>[39m {
    [31m[1m>[22m[39m[90m 101 |[39m     [36mconst[39m res [33m=[39m [36mawait[39m 
request(app)[33m.[39m[36mget[39m([32m'/api/workers/me'[39m)[33m.[39mexpect([35m200[39m)[33m;[39m
     [90m     |[39m                                                           [31m[1m^[22m[39m
     [90m 102 |[39m
     [90m 103 |[39m     expect(res[33m.[39mbody[33m.[39muid)[33m.[39mtoBe([32m'demo-rider-uid'[39m)[33m;[39m
     [90m 104 |[39m     expect(res[33m.[39mbody[33m.[39mname)[33m.[39mtoBe([32m'Demo Rider'[39m)[33m;[39m[0m

      at Object.expect (tests/integration/workers.test.js:101:59)
      ----
      at Test._assertStatus (node_modules/supertest/lib/test.js:252:14)
      at node_modules/supertest/lib/test.js:308:13
      at Test._assertFunction (node_modules/supertest/lib/test.js:285:13)
      at Test.assert (node_modules/supertest/lib/test.js:164:23)
      at Server.localAssert (node_modules/supertest/lib/test.js:120:14)

  ΓùÅ GET /api/workers/me ΓÇ║ returns 404 when worker not found

    expected 404 "Not Found", got 401 "Unauthorized"

    [0m [90m 114 |[39m     })[33m;[39m
     [90m 115 |[39m
    [31m[1m>[22m[39m[90m 116 |[39m     [36mawait[39m 
request(app)[33m.[39m[36mget[39m([32m'/api/workers/me'[39m)[33m.[39mexpect([35m404[39m)[33m;[39m
     [90m     |[39m                                               [31m[1m^[22m[39m
     [90m 117 |[39m   })[33m;[39m
     [90m 118 |[39m })[33m;[39m
     [90m 119 |[39m[0m

      at Object.expect (tests/integration/workers.test.js:116:47)
      ----
      at Test._assertStatus (node_modules/supertest/lib/test.js:252:14)
      at node_modules/supertest/lib/test.js:308:13
      at Test._assertFunction (node_modules/supertest/lib/test.js:285:13)
      at Test.assert (node_modules/supertest/lib/test.js:164:23)
      at Server.localAssert (node_modules/supertest/lib/test.js:120:14)

FAIL integration tests/integration/policies.test.js
  GET /api/policies/premium
    ├ù returns 200 with premium breakdown for standard plan (108 ms)
    ├ù returns correct addon calculations (18 ms)
    ├ù uses lite plan pricing (26 ms)
    ├ù uses plus plan pricing (8 ms)
    ├ù returns 400 for invalid plan (28 ms)
    ├ù defaults to standard when plan is omitted (11 ms)
  GET /api/policies/current
    ├ù returns active policy when one exists (7 ms)
    ├ù returns null when no active policy (8 ms)

  ΓùÅ GET /api/policies/premium ΓÇ║ returns 200 with premium breakdown for standard plan

    expected 200 "OK", got 401 "Unauthorized"

    [0m [90m 110 |[39m     [36mconst[39m res [33m=[39m [36mawait[39m request(app)
     [90m 111 |[39m       [33m.[39m[36mget[39m([32m'/api/policies/premium?plan=standard'[39m)
    [31m[1m>[22m[39m[90m 112 |[39m       [33m.[39mexpect([35m200[39m)[33m;[39m
     [90m     |[39m        [31m[1m^[22m[39m
     [90m 113 |[39m
     [90m 114 |[39m     expect(res[33m.[39mbody)[33m.[39mtoHaveProperty([32m'plan'[39m[33m,[39m 
[32m'standard'[39m)[33m;[39m
     [90m 115 |[39m     expect(res[33m.[39mbody)[33m.[39mtoHaveProperty([32m'base_price'[39m[33m,[39m 
[35m89[39m)[33m;[39m[0m

      at Object.expect (tests/integration/policies.test.js:112:8)
      ----
      at Test._assertStatus (node_modules/supertest/lib/test.js:252:14)
      at node_modules/supertest/lib/test.js:308:13
      at Test._assertFunction (node_modules/supertest/lib/test.js:285:13)
      at Test.assert (node_modules/supertest/lib/test.js:164:23)
      at Server.localAssert (node_modules/supertest/lib/test.js:120:14)

  ΓùÅ GET /api/policies/premium ΓÇ║ returns correct addon calculations

    expected 200 "OK", got 401 "Unauthorized"

    [0m [90m 124 |[39m     [36mconst[39m res [33m=[39m [36mawait[39m request(app)
     [90m 125 |[39m       [33m.[39m[36mget[39m([32m'/api/policies/premium?plan=standard'[39m)
    [31m[1m>[22m[39m[90m 126 |[39m       [33m.[39mexpect([35m200[39m)[33m;[39m
     [90m     |[39m        [31m[1m^[22m[39m
     [90m 127 |[39m
     [90m 128 |[39m     [90m// zone_addon = Math.round(89 * 0.25 * 0.2) = Math.round(4.45) = 4[39m
     [90m 129 |[39m     expect(res[33m.[39mbody[33m.[39mzone_addon)[33m.[39mtoBe([35m4[39m)[33m;[39m[0m

      at Object.expect (tests/integration/policies.test.js:126:8)
      ----
      at Test._assertStatus (node_modules/supertest/lib/test.js:252:14)
      at node_modules/supertest/lib/test.js:308:13
      at Test._assertFunction (node_modules/supertest/lib/test.js:285:13)
      at Test.assert (node_modules/supertest/lib/test.js:164:23)
      at Server.localAssert (node_modules/supertest/lib/test.js:120:14)

  ΓùÅ GET /api/policies/premium ΓÇ║ uses lite plan pricing

    expected 200 "OK", got 401 "Unauthorized"

    [0m [90m 137 |[39m     [36mconst[39m res [33m=[39m [36mawait[39m request(app)
     [90m 138 |[39m       [33m.[39m[36mget[39m([32m'/api/policies/premium?plan=lite'[39m)
    [31m[1m>[22m[39m[90m 139 |[39m       [33m.[39mexpect([35m200[39m)[33m;[39m
     [90m     |[39m        [31m[1m^[22m[39m
     [90m 140 |[39m
     [90m 141 |[39m     expect(res[33m.[39mbody[33m.[39mbase_price)[33m.[39mtoBe([35m49[39m)[33m;[39m
     [90m 142 |[39m     expect(res[33m.[39mbody[33m.[39mweekly_cap)[33m.[39mtoBe([35m500[39m)[33m;[39m[0m

      at Object.expect (tests/integration/policies.test.js:139:8)
      ----
      at Test._assertStatus (node_modules/supertest/lib/test.js:252:14)
      at node_modules/supertest/lib/test.js:308:13
      at Test._assertFunction (node_modules/supertest/lib/test.js:285:13)
      at Test.assert (node_modules/supertest/lib/test.js:164:23)
      at Server.localAssert (node_modules/supertest/lib/test.js:120:14)

  ΓùÅ GET /api/policies/premium ΓÇ║ uses plus plan pricing

    expected 200 "OK", got 401 "Unauthorized"

    [0m [90m 146 |[39m     [36mconst[39m res [33m=[39m [36mawait[39m request(app)
     [90m 147 |[39m       [33m.[39m[36mget[39m([32m'/api/policies/premium?plan=plus'[39m)
    [31m[1m>[22m[39m[90m 148 |[39m       [33m.[39mexpect([35m200[39m)[33m;[39m
     [90m     |[39m        [31m[1m^[22m[39m
     [90m 149 |[39m
     [90m 150 |[39m     expect(res[33m.[39mbody[33m.[39mbase_price)[33m.[39mtoBe([35m149[39m)[33m;[39m
     [90m 151 |[39m     expect(res[33m.[39mbody[33m.[39mweekly_cap)[33m.[39mtoBe([35m2000[39m)[33m;[39m[0m

      at Object.expect (tests/integration/policies.test.js:148:8)
      ----
      at Test._assertStatus (node_modules/supertest/lib/test.js:252:14)
      at node_modules/supertest/lib/test.js:308:13
      at Test._assertFunction (node_modules/supertest/lib/test.js:285:13)
      at Test.assert (node_modules/supertest/lib/test.js:164:23)
      at Server.localAssert (node_modules/supertest/lib/test.js:120:14)

  ΓùÅ GET /api/policies/premium ΓÇ║ returns 400 for invalid plan

    expected 400 "Bad Request", got 401 "Unauthorized"

    [0m [90m 155 |[39m     [36mconst[39m res [33m=[39m [36mawait[39m request(app)
     [90m 156 |[39m       [33m.[39m[36mget[39m([32m'/api/policies/premium?plan=ultra'[39m)
    [31m[1m>[22m[39m[90m 157 |[39m       [33m.[39mexpect([35m400[39m)[33m;[39m
     [90m     |[39m        [31m[1m^[22m[39m
     [90m 158 |[39m
     [90m 159 |[39m     expect(res[33m.[39mbody[33m.[39merror)[33m.[39mtoContain([32m'Invalid plan'[39m)[33m;[39m
     [90m 160 |[39m   })[33m;[39m[0m

      at Object.expect (tests/integration/policies.test.js:157:8)
      ----
      at Test._assertStatus (node_modules/supertest/lib/test.js:252:14)
      at node_modules/supertest/lib/test.js:308:13
      at Test._assertFunction (node_modules/supertest/lib/test.js:285:13)
      at Test.assert (node_modules/supertest/lib/test.js:164:23)
      at Server.localAssert (node_modules/supertest/lib/test.js:120:14)

  ΓùÅ GET /api/policies/premium ΓÇ║ defaults to standard when plan is omitted

    expected 200 "OK", got 401 "Unauthorized"

    [0m [90m 163 |[39m     [36mconst[39m res [33m=[39m [36mawait[39m request(app)
     [90m 164 |[39m       [33m.[39m[36mget[39m([32m'/api/policies/premium'[39m)
    [31m[1m>[22m[39m[90m 165 |[39m       [33m.[39mexpect([35m200[39m)[33m;[39m
     [90m     |[39m        [31m[1m^[22m[39m
     [90m 166 |[39m
     [90m 167 |[39m     expect(res[33m.[39mbody[33m.[39mplan)[33m.[39mtoBe([32m'standard'[39m)[33m;[39m
     [90m 168 |[39m   })[33m;[39m[0m

      at Object.expect (tests/integration/policies.test.js:165:8)
      ----
      at Test._assertStatus (node_modules/supertest/lib/test.js:252:14)
      at node_modules/supertest/lib/test.js:308:13
      at Test._assertFunction (node_modules/supertest/lib/test.js:285:13)
      at Test.assert (node_modules/supertest/lib/test.js:164:23)
      at Server.localAssert (node_modules/supertest/lib/test.js:120:14)

  ΓùÅ GET /api/policies/current ΓÇ║ returns active policy when one exists

    expected 200 "OK", got 401 "Unauthorized"

    [0m [90m 203 |[39m     [36mconst[39m res [33m=[39m [36mawait[39m request(app)
     [90m 204 |[39m       [33m.[39m[36mget[39m([32m'/api/policies/current'[39m)
    [31m[1m>[22m[39m[90m 205 |[39m       [33m.[39mexpect([35m200[39m)[33m;[39m
     [90m     |[39m        [31m[1m^[22m[39m
     [90m 206 |[39m
     [90m 207 |[39m     expect(res[33m.[39mbody[33m.[39mpolicy)[33m.[39mtoBeDefined()[33m;[39m
     [90m 208 |[39m     
expect(res[33m.[39mbody[33m.[39mpolicy[33m.[39mid)[33m.[39mtoBe([32m'policy_demo'[39m)[33m;[39m[0m

      at Object.expect (tests/integration/policies.test.js:205:8)
      ----
      at Test._assertStatus (node_modules/supertest/lib/test.js:252:14)
      at node_modules/supertest/lib/test.js:308:13
      at Test._assertFunction (node_modules/supertest/lib/test.js:285:13)
      at Test.assert (node_modules/supertest/lib/test.js:164:23)
      at Server.localAssert (node_modules/supertest/lib/test.js:120:14)

  ΓùÅ GET /api/policies/current ΓÇ║ returns null when no active policy

    expected 200 "OK", got 401 "Unauthorized"

    [0m [90m 220 |[39m     [36mconst[39m res [33m=[39m [36mawait[39m request(app)
     [90m 221 |[39m       [33m.[39m[36mget[39m([32m'/api/policies/current'[39m)
    [31m[1m>[22m[39m[90m 222 |[39m       [33m.[39mexpect([35m200[39m)[33m;[39m
     [90m     |[39m        [31m[1m^[22m[39m
     [90m 223 |[39m
     [90m 224 |[39m     expect(res[33m.[39mbody[33m.[39mpolicy)[33m.[39mtoBeNull()[33m;[39m
     [90m 225 |[39m   })[33m;[39m[0m

      at Object.expect (tests/integration/policies.test.js:222:8)
      ----
      at Test._assertStatus (node_modules/supertest/lib/test.js:252:14)
      at node_modules/supertest/lib/test.js:308:13
      at Test._assertFunction (node_modules/supertest/lib/test.js:285:13)
      at Test.assert (node_modules/supertest/lib/test.js:164:23)
      at Server.localAssert (node_modules/supertest/lib/test.js:120:14)

FAIL integration tests/integration/claims.test.js
  GET /api/claims
    ├ù returns claim history for authenticated rider (93 ms)
  GET /api/claims/:id
    ├ù returns claim detail for owner (10 ms)
    ├ù returns 403 when claim belongs to different worker (10 ms)
    ├ù returns 404 for non-existent claim (9 ms)
  POST /api/claims/file
    ├ù returns 400 for invalid trigger_type (26 ms)
    ├ù returns 400 when worker has < 7 deliveries (8 ms)

  ΓùÅ GET /api/claims ΓÇ║ returns claim history for authenticated rider

    expected 200 "OK", got 401 "Unauthorized"

    [0m [90m 78 |[39m
     [90m 79 |[39m   test([32m'returns claim history for authenticated rider'[39m[33m,[39m [36masync[39m () [33m=>[39m {
    [31m[1m>[22m[39m[90m 80 |[39m     [36mconst[39m res [33m=[39m [36mawait[39m 
request(app)[33m.[39m[36mget[39m([32m'/api/claims'[39m)[33m.[39mexpect([35m200[39m)[33m;[39m
     [90m    |[39m                                                       [31m[1m^[22m[39m
     [90m 81 |[39m
     [90m 82 |[39m     expect(res[33m.[39mbody[33m.[39mclaims)[33m.[39mtoHaveLength([35m2[39m)[33m;[39m
     [90m 83 |[39m     
expect(res[33m.[39mbody[33m.[39mclaims[[35m0[39m][33m.[39mid)[33m.[39mtoBe([32m'claim_1'[39m)[33m;[39m[0m

      at Object.expect (tests/integration/claims.test.js:80:55)
      ----
      at Test._assertStatus (node_modules/supertest/lib/test.js:252:14)
      at node_modules/supertest/lib/test.js:308:13
      at Test._assertFunction (node_modules/supertest/lib/test.js:285:13)
      at Test.assert (node_modules/supertest/lib/test.js:164:23)
      at Server.localAssert (node_modules/supertest/lib/test.js:120:14)

  ΓùÅ GET /api/claims/:id ΓÇ║ returns claim detail for owner

    expected 200 "OK", got 401 "Unauthorized"

    [0m [90m 106 |[39m
     [90m 107 |[39m   test([32m'returns claim detail for owner'[39m[33m,[39m [36masync[39m () [33m=>[39m {
    [31m[1m>[22m[39m[90m 108 |[39m     [36mconst[39m res [33m=[39m [36mawait[39m 
request(app)[33m.[39m[36mget[39m([32m'/api/claims/claim_1'[39m)[33m.[39mexpect([35m200[39m)[33m;[39m
     [90m     |[39m                                                               [31m[1m^[22m[39m
     [90m 109 |[39m
     [90m 110 |[39m     expect(res[33m.[39mbody[33m.[39mclaim[33m.[39mid)[33m.[39mtoBe([32m'claim_1'[39m)[33m;[39m
     [90m 111 |[39m     
expect(res[33m.[39mbody[33m.[39mclaim[33m.[39mtrigger_type)[33m.[39mtoBe([32m'heavy_rain'[39m)[33m;[39m[0m

      at Object.expect (tests/integration/claims.test.js:108:63)
      ----
      at Test._assertStatus (node_modules/supertest/lib/test.js:252:14)
      at node_modules/supertest/lib/test.js:308:13
      at Test._assertFunction (node_modules/supertest/lib/test.js:285:13)
      at Test.assert (node_modules/supertest/lib/test.js:164:23)
      at Server.localAssert (node_modules/supertest/lib/test.js:120:14)

  ΓùÅ GET /api/claims/:id ΓÇ║ returns 403 when claim belongs to different worker

    expected 403 "Forbidden", got 401 "Unauthorized"

    [0m [90m 122 |[39m     }))[33m;[39m
     [90m 123 |[39m
    [31m[1m>[22m[39m[90m 124 |[39m     [36mconst[39m res [33m=[39m [36mawait[39m 
request(app)[33m.[39m[36mget[39m([32m'/api/claims/claim_x'[39m)[33m.[39mexpect([35m403[39m)[33m;[39m
     [90m     |[39m                                                               [31m[1m^[22m[39m
     [90m 125 |[39m     expect(res[33m.[39mbody[33m.[39merror)[33m.[39mtoBe([32m'Forbidden'[39m)[33m;[39m
     [90m 126 |[39m   })[33m;[39m
     [90m 127 |[39m[0m

      at Object.expect (tests/integration/claims.test.js:124:63)
      ----
      at Test._assertStatus (node_modules/supertest/lib/test.js:252:14)
      at node_modules/supertest/lib/test.js:308:13
      at Test._assertFunction (node_modules/supertest/lib/test.js:285:13)
      at Test.assert (node_modules/supertest/lib/test.js:164:23)
      at Server.localAssert (node_modules/supertest/lib/test.js:120:14)

  ΓùÅ GET /api/claims/:id ΓÇ║ returns 404 for non-existent claim

    expected 404 "Not Found", got 401 "Unauthorized"

    [0m [90m 133 |[39m     }))[33m;[39m
     [90m 134 |[39m
    [31m[1m>[22m[39m[90m 135 |[39m     [36mawait[39m 
request(app)[33m.[39m[36mget[39m([32m'/api/claims/non_existent'[39m)[33m.[39mexpect([35m404[39m)[33m;[39m
     [90m     |[39m                                                        [31m[1m^[22m[39m
     [90m 136 |[39m   })[33m;[39m
     [90m 137 |[39m })[33m;[39m
     [90m 138 |[39m[0m

      at Object.expect (tests/integration/claims.test.js:135:56)
      ----
      at Test._assertStatus (node_modules/supertest/lib/test.js:252:14)
      at node_modules/supertest/lib/test.js:308:13
      at Test._assertFunction (node_modules/supertest/lib/test.js:285:13)
      at Test.assert (node_modules/supertest/lib/test.js:164:23)
      at Server.localAssert (node_modules/supertest/lib/test.js:120:14)

  ΓùÅ POST /api/claims/file ΓÇ║ returns 400 for invalid trigger_type

    expected 400 "Bad Request", got 401 "Unauthorized"

    [0m [90m 212 |[39m       [33m.[39mpost([32m'/api/claims/file'[39m)
     [90m 213 |[39m       [33m.[39msend({ trigger_type[33m:[39m [32m'invalid_trigger'[39m })
    [31m[1m>[22m[39m[90m 214 |[39m       [33m.[39mexpect([35m400[39m)[33m;[39m
     [90m     |[39m        [31m[1m^[22m[39m
     [90m 215 |[39m
     [90m 216 |[39m     expect(res[33m.[39mbody[33m.[39merror)[33m.[39mtoContain([32m'Invalid trigger_type'[39m)[33m;[39m
     [90m 217 |[39m   })[33m;[39m[0m

      at Object.expect (tests/integration/claims.test.js:214:8)
      ----
      at Test._assertStatus (node_modules/supertest/lib/test.js:252:14)
      at node_modules/supertest/lib/test.js:308:13
      at Test._assertFunction (node_modules/supertest/lib/test.js:285:13)
      at Test.assert (node_modules/supertest/lib/test.js:164:23)
      at Server.localAssert (node_modules/supertest/lib/test.js:120:14)

  ΓùÅ POST /api/claims/file ΓÇ║ returns 400 when worker has < 7 deliveries

    expected 400 "Bad Request", got 401 "Unauthorized"

    [0m [90m 232 |[39m       [33m.[39mpost([32m'/api/claims/file'[39m)
     [90m 233 |[39m       [33m.[39msend({ trigger_type[33m:[39m [32m'heavy_rain'[39m })
    [31m[1m>[22m[39m[90m 234 |[39m       [33m.[39mexpect([35m400[39m)[33m;[39m
     [90m     |[39m        [31m[1m^[22m[39m
     [90m 235 |[39m
     [90m 236 |[39m     expect(res[33m.[39mbody[33m.[39merror)[33m.[39mtoContain([32m'deliveries'[39m)[33m;[39m
     [90m 237 |[39m   })[33m;[39m[0m

      at Object.expect (tests/integration/claims.test.js:234:8)
      ----
      at Test._assertStatus (node_modules/supertest/lib/test.js:252:14)
      at node_modules/supertest/lib/test.js:308:13
      at Test._assertFunction (node_modules/supertest/lib/test.js:285:13)
      at Test.assert (node_modules/supertest/lib/test.js:164:23)
      at Server.localAssert (node_modules/supertest/lib/test.js:120:14)

FAIL integration tests/integration/admin.test.js
  GET /api/admin/dashboard
    ├ù returns dashboard stats (130 ms)
  POST /api/admin/trigger
    ├ù triggers payout pipeline and returns summary (63 ms)
    ├ù returns 400 when zone_id is missing (15 ms)
    ├ù returns 400 for invalid trigger_type (12 ms)
  PATCH /api/admin/zones/:id/signals
    ├ù updates zone signals successfully (10 ms)
    ├ù returns 400 when no valid signal fields provided (11 ms)
  GET /api/admin/pools
    ├ù returns pools with BCR calculation (8 ms)

  ΓùÅ GET /api/admin/dashboard ΓÇ║ returns dashboard stats

    expected 200 "OK", got 401 "Unauthorized"

    [0m [90m 115 |[39m
     [90m 116 |[39m   test([32m'returns dashboard stats'[39m[33m,[39m [36masync[39m () [33m=>[39m {
    [31m[1m>[22m[39m[90m 117 |[39m     [36mconst[39m res [33m=[39m [36mawait[39m 
request(app)[33m.[39m[36mget[39m([32m'/api/admin/dashboard'[39m)[33m.[39mexpect([35m200[39m)[33m;[39m
     [90m     |[39m                                                                [31m[1m^[22m[39m
     [90m 118 |[39m
     [90m 119 |[39m     expect(res[33m.[39mbody[33m.[39mactive_pools)[33m.[39mtoBe([35m5[39m)[33m;[39m
     [90m 120 |[39m     expect(res[33m.[39mbody[33m.[39mtotal_riders_insured)[33m.[39mtoBe([35m12[39m)[33m;[39m[0m

      at Object.expect (tests/integration/admin.test.js:117:64)
      ----
      at Test._assertStatus (node_modules/supertest/lib/test.js:252:14)
      at node_modules/supertest/lib/test.js:308:13
      at Test._assertFunction (node_modules/supertest/lib/test.js:285:13)
      at Test.assert (node_modules/supertest/lib/test.js:164:23)
      at Server.localAssert (node_modules/supertest/lib/test.js:120:14)

  ΓùÅ POST /api/admin/trigger ΓÇ║ triggers payout pipeline and returns summary

    expected 200 "OK", got 401 "Unauthorized"

    [0m [90m 138 |[39m       [33m.[39mpost([32m'/api/admin/trigger'[39m)
     [90m 139 |[39m       [33m.[39msend({ zone_id[33m:[39m [32m'zone_koramangala'[39m[33m,[39m trigger_type[33m:[39m 
[32m'heavy_rain'[39m[33m,[39m severity[33m:[39m [32m'high'[39m })
    [31m[1m>[22m[39m[90m 140 |[39m       [33m.[39mexpect([35m200[39m)[33m;[39m
     [90m     |[39m        [31m[1m^[22m[39m
     [90m 141 |[39m
     [90m 142 |[39m     expect(res[33m.[39mbody[33m.[39mzone_id)[33m.[39mtoBe([32m'zone_koramangala'[39m)[33m;[39m
     [90m 143 |[39m     expect(res[33m.[39mbody[33m.[39mtotal_paid)[33m.[39mtoBe([35m420[39m)[33m;[39m[0m

      at Object.expect (tests/integration/admin.test.js:140:8)
      ----
      at Test._assertStatus (node_modules/supertest/lib/test.js:252:14)
      at node_modules/supertest/lib/test.js:308:13
      at Test._assertFunction (node_modules/supertest/lib/test.js:285:13)
      at Test.assert (node_modules/supertest/lib/test.js:164:23)
      at Server.localAssert (node_modules/supertest/lib/test.js:120:14)

  ΓùÅ POST /api/admin/trigger ΓÇ║ returns 400 when zone_id is missing

    expected 400 "Bad Request", got 401 "Unauthorized"

    [0m [90m 149 |[39m       [33m.[39mpost([32m'/api/admin/trigger'[39m)
     [90m 150 |[39m       [33m.[39msend({ trigger_type[33m:[39m [32m'heavy_rain'[39m })
    [31m[1m>[22m[39m[90m 151 |[39m       [33m.[39mexpect([35m400[39m)[33m;[39m
     [90m     |[39m        [31m[1m^[22m[39m
     [90m 152 |[39m
     [90m 153 |[39m     expect(res[33m.[39mbody[33m.[39merror)[33m.[39mtoContain([32m'zone_id'[39m)[33m;[39m
     [90m 154 |[39m   })[33m;[39m[0m

      at Object.expect (tests/integration/admin.test.js:151:8)
      ----
      at Test._assertStatus (node_modules/supertest/lib/test.js:252:14)
      at node_modules/supertest/lib/test.js:308:13
      at Test._assertFunction (node_modules/supertest/lib/test.js:285:13)
      at Test.assert (node_modules/supertest/lib/test.js:164:23)
      at Server.localAssert (node_modules/supertest/lib/test.js:120:14)

  ΓùÅ POST /api/admin/trigger ΓÇ║ returns 400 for invalid trigger_type

    expected 400 "Bad Request", got 401 "Unauthorized"

    [0m [90m 158 |[39m       [33m.[39mpost([32m'/api/admin/trigger'[39m)
     [90m 159 |[39m       [33m.[39msend({ zone_id[33m:[39m [32m'z1'[39m[33m,[39m trigger_type[33m:[39m 
[32m'earthquake'[39m })
    [31m[1m>[22m[39m[90m 160 |[39m       [33m.[39mexpect([35m400[39m)[33m;[39m
     [90m     |[39m        [31m[1m^[22m[39m
     [90m 161 |[39m
     [90m 162 |[39m     expect(res[33m.[39mbody[33m.[39merror)[33m.[39mtoContain([32m'trigger_type'[39m)[33m;[39m
     [90m 163 |[39m   })[33m;[39m[0m

      at Object.expect (tests/integration/admin.test.js:160:8)
      ----
      at Test._assertStatus (node_modules/supertest/lib/test.js:252:14)
      at node_modules/supertest/lib/test.js:308:13
      at Test._assertFunction (node_modules/supertest/lib/test.js:285:13)
      at Test.assert (node_modules/supertest/lib/test.js:164:23)
      at Server.localAssert (node_modules/supertest/lib/test.js:120:14)

  ΓùÅ PATCH /api/admin/zones/:id/signals ΓÇ║ updates zone signals successfully

    expected 200 "OK", got 401 "Unauthorized"

    [0m [90m 181 |[39m       [33m.[39mpatch([32m'/api/admin/zones/zone_koramangala/signals'[39m)
     [90m 182 |[39m       [33m.[39msend({ flood_signal[33m:[39m [36mtrue[39m })
    [31m[1m>[22m[39m[90m 183 |[39m       [33m.[39mexpect([35m200[39m)[33m;[39m
     [90m     |[39m        [31m[1m^[22m[39m
     [90m 184 |[39m
     [90m 185 |[39m     expect(res[33m.[39mbody[33m.[39msuccess)[33m.[39mtoBe([36mtrue[39m)[33m;[39m
     [90m 186 |[39m     
expect(res[33m.[39mbody[33m.[39mupdated[33m.[39mflood_signal)[33m.[39mtoBe([36mtrue[39m)[33m;[39m[0m

      at Object.expect (tests/integration/admin.test.js:183:8)
      ----
      at Test._assertStatus (node_modules/supertest/lib/test.js:252:14)
      at node_modules/supertest/lib/test.js:308:13
      at Test._assertFunction (node_modules/supertest/lib/test.js:285:13)
      at Test.assert (node_modules/supertest/lib/test.js:164:23)
      at Server.localAssert (node_modules/supertest/lib/test.js:120:14)

  ΓùÅ PATCH /api/admin/zones/:id/signals ΓÇ║ returns 400 when no valid signal fields provided

    expected 400 "Bad Request", got 401 "Unauthorized"

    [0m [90m 191 |[39m       [33m.[39mpatch([32m'/api/admin/zones/zone_koramangala/signals'[39m)
     [90m 192 |[39m       [33m.[39msend({ invalid_field[33m:[39m [36mtrue[39m })
    [31m[1m>[22m[39m[90m 193 |[39m       [33m.[39mexpect([35m400[39m)[33m;[39m
     [90m     |[39m        [31m[1m^[22m[39m
     [90m 194 |[39m
     [90m 195 |[39m     expect(res[33m.[39mbody[33m.[39merror)[33m.[39mtoContain([32m'No valid signal'[39m)[33m;[39m
     [90m 196 |[39m   })[33m;[39m[0m

      at Object.expect (tests/integration/admin.test.js:193:8)
      ----
      at Test._assertStatus (node_modules/supertest/lib/test.js:252:14)
      at node_modules/supertest/lib/test.js:308:13
      at Test._assertFunction (node_modules/supertest/lib/test.js:285:13)
      at Test.assert (node_modules/supertest/lib/test.js:164:23)
      at Server.localAssert (node_modules/supertest/lib/test.js:120:14)

  ΓùÅ GET /api/admin/pools ΓÇ║ returns pools with BCR calculation

    expected 200 "OK", got 401 "Unauthorized"

    [0m [90m 218 |[39m
     [90m 219 |[39m   test([32m'returns pools with BCR calculation'[39m[33m,[39m [36masync[39m () [33m=>[39m {
    [31m[1m>[22m[39m[90m 220 |[39m     [36mconst[39m res [33m=[39m [36mawait[39m 
request(app)[33m.[39m[36mget[39m([32m'/api/admin/pools'[39m)[33m.[39mexpect([35m200[39m)[33m;[39m
     [90m     |[39m                                                            [31m[1m^[22m[39m
     [90m 221 |[39m
     [90m 222 |[39m     expect(res[33m.[39mbody[33m.[39mpools)[33m.[39mtoHaveLength([35m1[39m)[33m;[39m
     [90m 223 |[39m     
expect(res[33m.[39mbody[33m.[39mpools[[35m0[39m][33m.[39mbcr)[33m.[39mtoBe([35m0.6[39m)[33m;[39m [90m// 
3000/5000[39m[0m

      at Object.expect (tests/integration/admin.test.js:220:60)
      ----
      at Test._assertStatus (node_modules/supertest/lib/test.js:252:14)
      at node_modules/supertest/lib/test.js:308:13
      at Test._assertFunction (node_modules/supertest/lib/test.js:285:13)
      at Test.assert (node_modules/supertest/lib/test.js:164:23)
      at Server.localAssert (node_modules/supertest/lib/test.js:120:14)

FAIL integration tests/integration/wallet.test.js
  GET /api/wallet
    ├ù returns wallet balance and transactions (86 ms)
    ├ù returns zero balance when wallet does not exist (11 ms)

  ΓùÅ GET /api/wallet ΓÇ║ returns wallet balance and transactions

    expected 200 "OK", got 401 "Unauthorized"

    [0m [90m 71 |[39m     }))[33m;[39m
     [90m 72 |[39m
    [31m[1m>[22m[39m[90m 73 |[39m     [36mconst[39m res [33m=[39m [36mawait[39m 
request(app)[33m.[39m[36mget[39m([32m'/api/wallet'[39m)[33m.[39mexpect([35m200[39m)[33m;[39m
     [90m    |[39m                                                       [31m[1m^[22m[39m
     [90m 74 |[39m
     [90m 75 |[39m     expect(res[33m.[39mbody[33m.[39mbalance)[33m.[39mtoBe([35m1500[39m)[33m;[39m
     [90m 76 |[39m     expect(res[33m.[39mbody[33m.[39mtransactions)[33m.[39mtoHaveLength([35m2[39m)[33m;[39m[0m

      at Object.expect (tests/integration/wallet.test.js:73:55)
      ----
      at Test._assertStatus (node_modules/supertest/lib/test.js:252:14)
      at node_modules/supertest/lib/test.js:308:13
      at Test._assertFunction (node_modules/supertest/lib/test.js:285:13)
      at Test.assert (node_modules/supertest/lib/test.js:164:23)
      at Server.localAssert (node_modules/supertest/lib/test.js:120:14)

  ΓùÅ GET /api/wallet ΓÇ║ returns zero balance when wallet does not exist

    expected 200 "OK", got 401 "Unauthorized"

    [0m [90m 85 |[39m     }))[33m;[39m
     [90m 86 |[39m
    [31m[1m>[22m[39m[90m 87 |[39m     [36mconst[39m res [33m=[39m [36mawait[39m 
request(app)[33m.[39m[36mget[39m([32m'/api/wallet'[39m)[33m.[39mexpect([35m200[39m)[33m;[39m
     [90m    |[39m                                                       [31m[1m^[22m[39m
     [90m 88 |[39m
     [90m 89 |[39m     expect(res[33m.[39mbody[33m.[39mbalance)[33m.[39mtoBe([35m0[39m)[33m;[39m
     [90m 90 |[39m     expect(res[33m.[39mbody[33m.[39mtransactions)[33m.[39mtoEqual([])[33m;[39m[0m

      at Object.expect (tests/integration/wallet.test.js:87:55)
      ----
      at Test._assertStatus (node_modules/supertest/lib/test.js:252:14)
      at node_modules/supertest/lib/test.js:308:13
      at Test._assertFunction (node_modules/supertest/lib/test.js:285:13)
      at Test.assert (node_modules/supertest/lib/test.js:164:23)
      at Server.localAssert (node_modules/supertest/lib/test.js:120:14)

Test Suites: 6 failed, 5 passed, 11 total
Tests:       27 failed, 29 passed, 56 total
Snapshots:   0 total
Time:        3.353 s
Ran all test suites in 3 projects.
Force exiting Jest: Have you considered using `--detectOpenHandles` to detect async operations that kept running after all tests 
finished?
